\BOOKMARK [0][-]{section*.2}{\376\377\000C\000o\000n\000s\000t\000r\000u\000c\000t\000i\000o\000n\000\040\000o\000f\000\040\000K\000o\000c\000h\000e\000n\040\023\000S\000p\000e\000c\000k\000e\000r\000\040\000S\000e\000t\000s\000\040\000f\000r\000o\000m\000\040\000M\000u\000t\000u\000a\000l\000l\000y\000\040\000U\000n\000b\000i\000a\000s\000e\000d\000\040\000B\000a\000s\000e\000s}{}% 2
\BOOKMARK [1][-]{section*.1}{\376\377\000A\000b\000s\000t\000r\000a\000c\000t}{section*.2}% 1
\BOOKMARK [1][-]{section*.3}{\376\377\000I\000n\000t\000r\000o\000d\000u\000c\000t\000i\000o\000n}{section*.2}% 3
\BOOKMARK [1][-]{section*.4}{\376\377\000T\000h\000e\000\040\000Y\000u\000-\000O\000h\000-\000H\000a\000r\000d\000i\000n\000g\000-\000S\000a\000l\000i\000n\000a\000s\000\040\000S\000c\000h\000m\000e\000i\000s\000-\000C\000a\000b\000e\000l\000l\000o\000\040\000g\000a\000d\000g\000e\000t}{section*.2}% 4
\BOOKMARK [2][-]{section*.5}{\376\377\000T\000o\000t\000a\000l\000\040\000N\000u\000m\000b\000e\000r\000\040\000o\000f\000\040\000G\000l\000o\000b\000a\000l\000l\000y\000\040\000N\000o\000n\000-\000C\000o\000l\000l\000i\000n\000e\000a\000r\000\040\000V\000e\000c\000t\000o\000r\000s\000:\000\040\0001\0006\0005}{section*.4}% 5
\BOOKMARK [2][-]{section*.6}{\376\377\000T\000o\000t\000a\000l\000\040\000n\000u\000m\000b\000e\000r\000\040\000o\000f\000\040\000o\000r\000t\000h\000o\000g\000o\000n\000a\000l\000\040\000b\000a\000s\000e\000s\000:\000\040\0001\0003\0000}{section*.4}% 6
\BOOKMARK [2][-]{section*.7}{\376\377\000N\000o\000t\000e\000\040\000o\000n\000\040\000t\000h\000e\000\040\000C\000o\000l\000o\000r\000-\000C\000o\000d\000i\000n\000g\000\040\000M\000e\000t\000h\000o\000d\000o\000l\000o\000g\000y}{section*.4}% 7
\BOOKMARK [2][-]{section*.8}{\376\377\000A\000s\000y\000m\000m\000e\000t\000r\000y\000\040\000i\000n\000\040\000P\000u\000r\000e\000\040\000B\000a\000s\000i\000s\000\040\000C\000l\000a\000s\000s\000i\000f\000i\000c\000a\000t\000i\000o\000n}{section*.4}% 8
\BOOKMARK [2][-]{section*.9}{\376\377\000T\000h\000e\000\040\000E\000x\000c\000l\000u\000s\000i\000v\000i\000t\000y\000\040\000o\000f\000\040\000t\000h\000e\000\040\000F\000o\000u\000r\000i\000e\000r\000\040\000B\000a\000s\000i\000s}{section*.4}% 9
\BOOKMARK [1][-]{section*.10}{\376\377\000H\000i\000g\000h\000e\000r\000-\000d\000i\000m\000e\000n\000s\000i\000o\000n\000a\000l\000\040\000f\000o\000r\000c\000i\000n\000g\000\040\000g\000a\000d\000g\000e\000t\000s}{section*.2}% 10
\BOOKMARK [2][-]{section*.11}{\376\377\000N\000o\000t\000a\000t\000i\000o\000n\000\040\000a\000n\000d\000\040\000c\000o\000n\000v\000e\000n\000t\000i\000o\000n\000s}{section*.10}% 11
\BOOKMARK [2][-]{section*.12}{\376\377\000A\000n\000\040\000e\000x\000p\000l\000i\000c\000i\000t\000\040\000g\000a\000d\000g\000e\000t\000\040\000f\000o\000r\000\040\000D\000=\0004}{section*.10}% 12
\BOOKMARK [3][-]{section*.13}{\376\377\000A\000u\000t\000o\000m\000a\000t\000i\000c\000\040\000v\000e\000r\000s\000u\000s\000\040\000i\000m\000p\000o\000s\000e\000d\000.}{section*.12}% 13
\BOOKMARK [3][-]{section*.14}{\376\377\000H\000i\000d\000d\000e\000n\000\040\000b\000l\000o\000c\000k\000s\000\040\000f\000r\000o\000m\000\040\000d\000i\000s\000j\000o\000i\000n\000t\000\040\000s\000u\000p\000p\000o\000r\000t\000.}{section*.12}% 14
\BOOKMARK [3][-]{section*.15}{\376\377\000C\000o\000n\000c\000r\000e\000t\000e\000\040\000D\000=\0004\000\040\000e\000x\000a\000m\000p\000l\000e\000:\000\040\000u\000=\000\050\0001\000,\0001\000,\0001\000,\0001\000\051}{section*.12}% 15
\BOOKMARK [3][-]{section*.16}{\376\377\000I\000n\000f\000o\000r\000m\000a\000t\000i\000o\000n\000a\000l\000\040\000E\000q\000u\000i\000v\000a\000l\000e\000n\000c\000e\000\040\000a\000n\000d\000\040\000R\000e\000l\000a\000t\000i\000o\000n\000\040\000t\000o\000\040\000t\000h\000e\000\040\000P\000e\000r\000e\000s\000-\000M\000e\000r\000m\000i\000n\000\040\000E\000i\000g\000e\000n\000s\000y\000s\000t\000e\000m}{section*.12}% 16
\BOOKMARK [3][-]{section*.17}{\376\377\000D\000i\000s\000c\000u\000s\000s\000i\000o\000n\000\040\000o\000f\000\040\000S\000t\000r\000u\000c\000t\000u\000r\000a\000l\000\040\000S\000y\000m\000m\000e\000t\000r\000y}{section*.12}% 17
\BOOKMARK [3][-]{section*.18}{\376\377\000A\000\040\000r\000e\000m\000a\000r\000k\000\040\000o\000f\000\040\000c\000a\000u\000t\000i\000o\000n\000\040\000w\000h\000e\000n\000\040\000i\000t\000\040\000c\000o\000m\000e\000s\000\040\000t\000o\000\040\000c\000o\000n\000t\000e\000x\000t\000u\000a\000l\000\040\000p\000r\000o\000p\000e\000r\000t\000i\000e\000s}{section*.12}% 18
\BOOKMARK [2][-]{section*.19}{\376\377\000A\000n\000\040\000e\000x\000p\000l\000i\000c\000i\000t\000\040\000s\000c\000a\000f\000f\000o\000l\000d\000\040\000a\000n\000d\000\040\000c\000o\000n\000n\000e\000c\000t\000o\000r\000s\000\040\000f\000o\000r\000\040\000D\000=\0005}{section*.10}% 19
\BOOKMARK [3][-]{section*.20}{\376\377\000T\000r\000i\000p\000l\000e\000\040\000m\000i\000n\000o\000r\000s\000\040\000\050\000L\000e\000v\000i\000-\000C\000i\000v\000i\000t\000a\000\040\000c\000o\000n\000t\000r\000a\000c\000t\000i\000o\000n\000\051\000.}{section*.19}% 20
\BOOKMARK [3][-]{section*.21}{\376\377\000S\000c\000a\000f\000f\000o\000l\000d\000i\000n\000g\000\040\000a\000n\000d\000\040\000c\000o\000n\000n\000e\000c\000t\000o\000r\000s\000.}{section*.19}% 21
\BOOKMARK [1][-]{section*.22}{\376\377\000S\000u\000m\000m\000a\000r\000y\000\040\000a\000n\000d\000\040\000C\000o\000n\000c\000l\000u\000s\000i\000o\000n}{section*.2}% 22
\BOOKMARK [1][-]{section*.23}{\376\377\000A\000c\000k\000n\000o\000w\000l\000e\000d\000g\000m\000e\000n\000t\000s}{section*.2}% 23
\BOOKMARK [1][-]{section*.24}{\376\377\000R\000e\000f\000e\000r\000e\000n\000c\000e\000s}{section*.2}% 24
\BOOKMARK [1][-]{section*.25}{\376\377\000M\000u\000t\000u\000a\000l\000l\000y\000\040\000u\000n\000b\000i\000a\000s\000e\000d\000\040\000b\000a\000s\000e\000s\000\040\000i\000n\000\040\000d\000i\000m\000e\000n\000s\000i\000o\000n\000s\000\040\0003\000\040\000a\000n\000d\000\040\0004}{section*.2}% 25
\BOOKMARK [2][-]{section*.26}{\376\377\000M\000u\000t\000u\000a\000l\000l\000y\000\040\000u\000n\000b\000i\000a\000s\000e\000d\000\040\000b\000a\000s\000e\000s\000\040\000i\000n\000\040\000C\0003}{section*.25}% 26
\BOOKMARK [2][-]{section*.27}{\376\377\000M\000u\000t\000u\000a\000l\000l\000y\000\040\000u\000n\000b\000i\000a\000s\000e\000d\000\040\000b\000a\000s\000e\000s\000\040\000i\000n\000\040\000C\0004}{section*.25}% 27
