\BOOKMARK [0][-]{section*.2}{\376\377\000C\000e\000r\000t\000i\000f\000i\000e\000d\000\040\000P\000r\000i\000v\000a\000t\000e\000\040\000Q\000u\000a\000n\000t\000u\000m\000\040\000T\000i\000m\000e\000\040\000T\000i\000c\000k\000s\000\040\000A\000w\000a\000y\000\040\000F\000a\000s\000t\000e\000r\000\040\000t\000h\000a\000n\000\040\000A\000n\000y\000\040\000C\000l\000a\000s\000s\000i\000c\000a\000l\000\040\000C\000l\000o\000c\000k}{}% 2
\BOOKMARK [1][-]{section*.1}{\376\377\000A\000b\000s\000t\000r\000a\000c\000t}{section*.2}% 1
\BOOKMARK [1][-]{section*.3}{\376\377\000I\000n\000t\000r\000o\000d\000u\000c\000t\000i\000o\000n}{section*.2}% 3
\BOOKMARK [1][-]{section*.4}{\376\377\000T\000h\000e\000\040\000E\000n\000t\000a\000n\000g\000l\000e\000d\000\040\000C\000l\000o\000c\000k\000\040\000P\000r\000o\000t\000o\000c\000o\000l}{section*.2}% 4
\BOOKMARK [2][-]{section*.5}{\376\377\000O\000p\000e\000r\000a\000t\000i\000o\000n\000a\000l\000\040\000T\000i\000m\000e\000\040\000a\000n\000d\000\040\000Z\000e\000i\000l\000i\000n\000g\000e\000r\000'\000s\000\040\000P\000r\000i\000n\000c\000i\000p\000l\000e}{section*.4}% 5
\BOOKMARK [2][-]{section*.6}{\376\377\000S\000y\000n\000c\000h\000r\000o\000n\000i\000z\000e\000d\000\040\000T\000i\000m\000e}{section*.4}% 6
\BOOKMARK [1][-]{section*.7}{\376\377\000C\000l\000a\000s\000s\000i\000c\000a\000l\000\040\000S\000i\000m\000u\000l\000a\000t\000i\000o\000n\000:\000\040\000P\000e\000r\000e\000s\000'\000\040\000B\000o\000m\000b}{section*.2}% 7
\BOOKMARK [1][-]{section*.8}{\376\377\000C\000o\000m\000p\000a\000r\000i\000s\000o\000n\000:\000\040\000W\000h\000e\000n\000\040\000Q\000u\000a\000n\000t\000u\000m\000\040\000C\000l\000o\000c\000k\000s\000\040\000T\000i\000c\000k\000\040\000F\000a\000s\000t\000e\000r}{section*.2}% 8
\BOOKMARK [2][-]{section*.9}{\376\377\000T\000h\000e\000\040\000C\000a\000r\000d\000i\000n\000a\000l\000\040\000R\000e\000g\000i\000m\000e\000s}{section*.8}% 9
\BOOKMARK [2][-]{section*.10}{\376\377\000T\000h\000e\000\040\000A\000n\000o\000m\000a\000l\000o\000u\000s\000\040\000R\000e\000g\000i\000m\000e}{section*.8}% 10
\BOOKMARK [1][-]{section*.11}{\376\377\000C\000o\000n\000t\000e\000x\000t\000u\000a\000l\000i\000t\000y\000\040\000a\000n\000d\000\040\000U\000n\000p\000e\000r\000f\000o\000r\000m\000e\000d\000\040\000E\000x\000p\000e\000r\000i\000m\000e\000n\000t\000s}{section*.2}% 11
\BOOKMARK [2][-]{section*.12}{\376\377\000C\000e\000r\000t\000i\000f\000y\000i\000n\000g\000\040\000Q\000u\000a\000n\000t\000u\000m\000n\000e\000s\000s}{section*.11}% 12
\BOOKMARK [1][-]{section*.13}{\376\377\000E\000x\000p\000e\000r\000i\000m\000e\000n\000t\000a\000l\000\040\000C\000o\000n\000s\000i\000d\000e\000r\000a\000t\000i\000o\000n\000s}{section*.2}% 13
\BOOKMARK [1][-]{section*.14}{\376\377\000C\000e\000r\000t\000i\000f\000i\000e\000d\000\040\000P\000r\000i\000v\000a\000t\000e\000\040\000T\000i\000m\000e}{section*.2}% 14
\BOOKMARK [2][-]{section*.15}{\376\377\000T\000h\000e\000\040\000M\000e\000m\000o\000r\000y\000-\000S\000t\000i\000c\000k\000\040\000C\000l\000o\000c\000k}{section*.14}% 15
\BOOKMARK [2][-]{section*.16}{\376\377\000P\000r\000o\000t\000o\000c\000o\000l\000\040\000f\000o\000r\000\040\000T\000i\000m\000e\000\040\000C\000e\000r\000t\000i\000f\000i\000c\000a\000t\000i\000o\000n}{section*.14}% 16
\BOOKMARK [2][-]{section*.17}{\376\377\000E\000s\000c\000a\000p\000i\000n\000g\000\040\000t\000h\000e\000\040\000B\000l\000o\000c\000k\000\040\000U\000n\000i\000v\000e\000r\000s\000e}{section*.14}% 17
\BOOKMARK [1][-]{section*.18}{\376\377\000C\000o\000n\000c\000l\000u\000s\000i\000o\000n}{section*.2}% 18
\BOOKMARK [1][-]{section*.19}{\376\377\000A\000c\000k\000n\000o\000w\000l\000e\000d\000g\000m\000e\000n\000t\000s}{section*.2}% 19
\BOOKMARK [1][-]{section*.20}{\376\377\000R\000e\000f\000e\000r\000e\000n\000c\000e\000s}{section*.2}% 20
