\BOOKMARK [0][-]{section*.2}{\376\377\000T\000r\000a\000c\000t\000i\000o\000n\000\040\000C\000o\000n\000s\000t\000r\000a\000i\000n\000t\000s\000\040\000a\000n\000d\000\040\000t\000h\000e\000\040\000P\000h\000y\000s\000i\000c\000s\000\040\000o\000f\000\040\000F\000a\000s\000t\000e\000r\000-\000T\000h\000a\000n\000-\000t\000h\000e\000-\000W\000i\000n\000d\000\040\000T\000r\000a\000v\000e\000l}{}% 2
\BOOKMARK [1][-]{section*.1}{\376\377\000A\000b\000s\000t\000r\000a\000c\000t}{section*.2}% 1
\BOOKMARK [1][-]{section*.3}{\376\377\000I\000n\000t\000r\000o\000d\000u\000c\000t\000i\000o\000n\000:\000\040\000A\000\040\000C\000o\000u\000n\000t\000e\000r\000-\000I\000n\000t\000u\000i\000t\000i\000v\000e\000\040\000P\000h\000e\000n\000o\000m\000e\000n\000o\000n}{section*.2}% 3
\BOOKMARK [1][-]{section*.4}{\376\377\000T\000h\000e\000\040\000P\000h\000y\000s\000i\000c\000s\000\040\000o\000f\000\040\000F\000a\000s\000t\000e\000r\000-\000T\000h\000a\000n\000-\000t\000h\000e\000-\000W\000i\000n\000d\000\040\000T\000r\000a\000v\000e\000l}{section*.2}% 4
\BOOKMARK [2][-]{section*.7}{\376\377\000D\000o\000w\000n\000w\000i\000n\000d\000\040\000F\000a\000s\000t\000e\000r\000\040\000T\000h\000a\000n\000\040\000t\000h\000e\000\040\000W\000i\000n\000d}{section*.4}% 5
\BOOKMARK [2][-]{section*.8}{\376\377\000U\000p\000w\000i\000n\000d\000\040\000T\000r\000a\000v\000e\000l}{section*.4}% 6
\BOOKMARK [1][-]{section*.9}{\376\377\000W\000h\000y\000\040\000N\000o\000t\000\040\000i\000n\000\040\000t\000h\000e\000\040\000A\000i\000r\000?}{section*.2}% 7
\BOOKMARK [1][-]{section*.10}{\376\377\000O\000n\000\040\000W\000a\000t\000e\000r\000:\000\040\000F\000l\000u\000i\000d\000-\000M\000e\000d\000i\000a\000t\000e\000d\000\040\000C\000o\000n\000s\000t\000r\000a\000i\000n\000t\000s\000,\000\040\000S\000l\000i\000p\000,\000\040\000a\000n\000d\000\040\000T\000w\000o\000\040\000P\000r\000o\000p\000u\000l\000s\000i\000o\000n\000\040\000S\000c\000e\000n\000a\000r\000i\000o\000s}{section*.2}% 8
\BOOKMARK [2][-]{section*.11}{\376\377\000S\000c\000e\000n\000a\000r\000i\000o\000\040\0001\000:\000\040\000G\000e\000o\000m\000e\000t\000r\000i\000c\000\040\000c\000o\000u\000p\000l\000i\000n\000g\000\040\000\050\000s\000a\000i\000l\000s\000\040\000a\000n\000d\000\040\000k\000e\000e\000l\000s\000/\000f\000o\000i\000l\000s\000\051}{section*.10}% 9
\BOOKMARK [3][-]{section*.14}{\376\377\000S\000c\000e\000n\000a\000r\000i\000o\000\040\0002\000:\000\040\000M\000e\000c\000h\000a\000n\000i\000c\000a\000l\000\040\000c\000o\000u\000p\000l\000i\000n\000g\000\040\000\050\000c\000o\000u\000p\000l\000e\000d\000\040\000a\000i\000r\000\040\000a\000n\000d\000\040\000w\000a\000t\000e\000r\000\040\000p\000r\000o\000p\000e\000l\000l\000e\000r\000s\000/\000t\000u\000r\000b\000i\000n\000e\000s\000\051}{section*.11}% 10
\BOOKMARK [3][-]{section*.15}{\376\377\000T\000h\000e\000\040\000p\000e\000n\000a\000l\000t\000y\000\040\000o\000f\000\040\000s\000l\000i\000p}{section*.11}% 11
\BOOKMARK [1][-]{section*.16}{\376\377\000B\000u\000i\000l\000d\000i\000n\000g\000\040\000I\000n\000t\000u\000i\000t\000i\000o\000n\000:\000\040\000M\000e\000c\000h\000a\000n\000i\000c\000a\000l\000\040\000A\000n\000a\000l\000o\000g\000i\000e\000s}{section*.2}% 12
\BOOKMARK [2][-]{section*.17}{\376\377\000T\000h\000e\000\040\000G\000e\000a\000r\000b\000o\000x\000\040\000A\000n\000a\000l\000o\000g\000y}{section*.16}% 13
\BOOKMARK [3][-]{section*.18}{\376\377\000P\000o\000s\000i\000t\000i\000v\000e\000\040\000T\000r\000a\000n\000s\000m\000i\000s\000s\000i\000o\000n\000\040\000\050\000D\000o\000w\000n\000w\000i\000n\000d\000\051}{section*.17}% 14
\BOOKMARK [3][-]{section*.19}{\376\377\000P\000o\000s\000i\000t\000i\000v\000e\000\040\000T\000r\000a\000n\000s\000m\000i\000s\000s\000i\000o\000n\000\040\000i\000n\000\040\000t\000h\000e\000\040\000g\000r\000o\000u\000n\000d\000\040\000f\000r\000a\000m\000e}{section*.17}% 15
\BOOKMARK [3][-]{section*.20}{\376\377\000N\000e\000g\000a\000t\000i\000v\000e\000\040\000T\000r\000a\000n\000s\000m\000i\000s\000s\000i\000o\000n\000\040\000\050\000U\000p\000w\000i\000n\000d\000\051}{section*.17}% 16
\BOOKMARK [2][-]{section*.21}{\376\377\000T\000h\000e\000\040\000L\000e\000v\000e\000r\000\040\000A\000n\000a\000l\000o\000g\000y}{section*.16}% 17
\BOOKMARK [3][-]{section*.22}{\376\377\000W\000i\000t\000h\000\040\000t\000h\000e\000\040\000W\000i\000n\000d}{section*.21}% 18
\BOOKMARK [3][-]{section*.23}{\376\377\000A\000g\000a\000i\000n\000s\000t\000\040\000t\000h\000e\000\040\000W\000i\000n\000d}{section*.21}% 19
\BOOKMARK [2][-]{section*.24}{\376\377\000T\000h\000e\000\040\000P\000o\000p\000e\000s\000c\000u\000\040\000G\000l\000i\000d\000e\000:\000\040\000N\000o\000\040\000P\000r\000o\000p\000u\000l\000s\000i\000o\000n\000\040\000f\000r\000o\000m\000\040\000I\000n\000t\000e\000r\000n\000a\000l\000\040\000F\000o\000r\000c\000e\000s\000\040\000A\000l\000o\000n\000e}{section*.16}% 20
\BOOKMARK [1][-]{section*.25}{\376\377\000P\000e\000d\000a\000g\000o\000g\000i\000c\000a\000l\000\040\000U\000s\000e\000:\000\040\000T\000e\000a\000c\000h\000i\000n\000g\000\040\000L\000e\000v\000e\000l\000s\000,\000\040\000L\000e\000a\000r\000n\000i\000n\000g\000\040\000G\000o\000a\000l\000s\000,\000\040\000M\000i\000s\000c\000o\000n\000c\000e\000p\000t\000i\000o\000n\000s\000,\000\040\000a\000n\000d\000\040\000A\000c\000t\000i\000v\000i\000t\000i\000e\000s}{section*.2}% 21
\BOOKMARK [2][-]{section*.26}{\376\377\000T\000a\000r\000g\000e\000t\000\040\000l\000e\000v\000e\000l\000s\000\040\000a\000n\000d\000\040\000p\000r\000e\000r\000e\000q\000u\000i\000s\000i\000t\000e\000s}{section*.25}% 22
\BOOKMARK [2][-]{section*.27}{\376\377\000L\000e\000a\000r\000n\000i\000n\000g\000\040\000g\000o\000a\000l\000s}{section*.25}% 23
\BOOKMARK [2][-]{section*.28}{\376\377\000T\000y\000p\000i\000c\000a\000l\000\040\000c\000o\000n\000c\000e\000p\000t\000i\000o\000n\000s\000\040\000a\000n\000d\000\040\000m\000i\000s\000c\000o\000n\000c\000e\000p\000t\000i\000o\000n\000s}{section*.25}% 24
\BOOKMARK [2][-]{section*.29}{\376\377\000C\000l\000a\000s\000s\000r\000o\000o\000m\000\040\000a\000c\000t\000i\000v\000i\000t\000i\000e\000s\000\040\000a\000n\000d\000\040\000e\000x\000e\000r\000c\000i\000s\000e\000s}{section*.25}% 25
\BOOKMARK [2][-]{section*.30}{\376\377\000C\000o\000n\000c\000e\000p\000t\000u\000a\000l\000\040\000a\000n\000d\000\040\000q\000u\000a\000n\000t\000i\000t\000a\000t\000i\000v\000e\000\040\000e\000x\000e\000r\000c\000i\000s\000e\000s}{section*.25}% 26
\BOOKMARK [2][-]{section*.31}{\376\377\000A\000s\000s\000e\000s\000s\000m\000e\000n\000t\000\040\000i\000d\000e\000a\000s\000\040\000a\000n\000d\000\040\000r\000u\000b\000r\000i\000c\000s\000\040\000\050\000b\000r\000i\000e\000f\000\051}{section*.25}% 27
\BOOKMARK [1][-]{section*.32}{\376\377\000C\000o\000n\000c\000l\000u\000s\000i\000o\000n}{section*.2}% 28
\BOOKMARK [1][-]{section*.33}{\376\377\000A\000c\000k\000n\000o\000w\000l\000e\000d\000g\000m\000e\000n\000t\000s}{section*.2}% 29
\BOOKMARK [1][-]{section*.34}{\376\377\000R\000e\000f\000e\000r\000e\000n\000c\000e\000s}{section*.2}% 30
