\BOOKMARK [0][-]{section*.2}{\376\377\000D\000i\000r\000a\000c\000'\000s\000\040\000D\000i\000l\000e\000m\000m\000a\000\040\000o\000f\000\040\000t\000h\000e\000\040\000E\000c\000o\000n\000o\000m\000y\000\040\000o\000f\000\040\000I\000n\000h\000e\000r\000i\000t\000a\000n\000c\000e\000:\000\040\000P\000a\000r\000e\000n\000t\000a\000l\000\040\000C\000a\000r\000e\000,\000\040\000E\000q\000u\000a\000l\000i\000t\000y\000\040\000o\000f\000\040\000O\000p\000p\000o\000r\000t\000u\000n\000i\000t\000y\000,\000\040\000a\000n\000d\000\040\000M\000a\000n\000a\000g\000e\000d\000\040\000I\000n\000e\000q\000u\000a\000l\000i\000t\000y}{}% 2
\BOOKMARK [1][-]{section*.1}{\376\377\000A\000b\000s\000t\000r\000a\000c\000t}{section*.2}% 1
\BOOKMARK [1][-]{section*.3}{\376\377\000I\000n\000t\000r\000o\000d\000u\000c\000t\000i\000o\000n}{section*.2}% 3
\BOOKMARK [1][-]{section*.4}{\376\377\000D\000i\000r\000a\000c\000'\000s\000\040\000f\000o\000r\000m\000u\000l\000a\000t\000i\000o\000n\000\040\000o\000f\000\040\000t\000h\000e\000\040\000d\000i\000l\000e\000m\000m\000a}{section*.2}% 4
\BOOKMARK [1][-]{section*.5}{\376\377\000C\000o\000m\000p\000o\000u\000n\000d\000i\000n\000g\000\040\000i\000n\000h\000e\000r\000i\000t\000a\000n\000c\000e\000\040\000a\000n\000d\000\040\000d\000y\000n\000a\000m\000i\000c\000\040\000a\000d\000v\000a\000n\000t\000a\000g\000e}{section*.2}% 5
\BOOKMARK [2][-]{section*.6}{\376\377\000F\000i\000n\000a\000n\000c\000i\000a\000l\000\040\000c\000o\000m\000p\000o\000u\000n\000d\000i\000n\000g}{section*.5}% 6
\BOOKMARK [2][-]{section*.7}{\376\377\000N\000o\000n\000-\000f\000i\000n\000a\000n\000c\000i\000a\000l\000\040\000c\000o\000m\000p\000o\000u\000n\000d\000i\000n\000g}{section*.5}% 7
\BOOKMARK [1][-]{section*.8}{\376\377\000D\000i\000r\000a\000c\000'\000s\000\040\000d\000i\000l\000e\000m\000m\000a\000\040\000i\000n\000\040\000p\000o\000l\000i\000t\000i\000c\000a\000l\000\040\000p\000h\000i\000l\000o\000s\000o\000p\000h\000y}{section*.2}% 8
\BOOKMARK [2][-]{section*.9}{\376\377\000R\000a\000w\000l\000s\000\040\000a\000n\000d\000\040\000f\000a\000i\000r\000\040\000e\000q\000u\000a\000l\000i\000t\000y\000\040\000o\000f\000\040\000o\000p\000p\000o\000r\000t\000u\000n\000i\000t\000y}{section*.8}% 9
\BOOKMARK [2][-]{section*.10}{\376\377\000L\000u\000c\000k\000\040\000e\000g\000a\000l\000i\000t\000a\000r\000i\000a\000n\000i\000s\000m\000\040\000a\000n\000d\000\040\000t\000h\000e\000\040\000p\000r\000o\000b\000l\000e\000m\000\040\000o\000f\000\040\000t\000h\000e\000\040\000f\000a\000m\000i\000l\000y}{section*.8}% 10
\BOOKMARK [2][-]{section*.11}{\376\377\000T\000h\000e\000\040\000e\000t\000h\000i\000c\000s\000\040\000o\000f\000\040\000t\000h\000e\000\040\000f\000a\000m\000i\000l\000y\000:\000\040\000B\000r\000i\000g\000h\000o\000u\000s\000e\000,\000\040\000S\000w\000i\000f\000t\000,\000\040\000a\000n\000d\000\040\000C\000o\000h\000e\000n}{section*.8}% 11
\BOOKMARK [2][-]{section*.12}{\376\377\000I\000n\000h\000e\000r\000i\000t\000a\000n\000c\000e\000,\000\040\000p\000r\000o\000p\000e\000r\000t\000y\000,\000\040\000a\000n\000d\000\040\000t\000h\000e\000\040\000l\000e\000g\000i\000t\000i\000m\000a\000c\000y\000\040\000o\000f\000\040\000b\000e\000q\000u\000e\000s\000t}{section*.8}% 12
\BOOKMARK [2][-]{section*.13}{\376\377\000P\000a\000r\000t\000i\000a\000l\000i\000t\000y\000\040\000a\000n\000d\000\040\000i\000m\000p\000a\000r\000t\000i\000a\000l\000\040\000m\000o\000r\000a\000l\000i\000t\000y}{section*.8}% 13
\BOOKMARK [1][-]{section*.14}{\376\377\000N\000o\000n\040\023\000z\000e\000r\000o\040\023\000s\000u\000m\000\040\000c\000o\000n\000s\000i\000d\000e\000r\000a\000t\000i\000o\000n\000s\000\040\000a\000n\000d\000\040\000t\000h\000e\000\040\000c\000o\000s\000t\000\040\000o\000f\000\040\000r\000a\000d\000i\000c\000a\000l\000\040\000e\000q\000u\000a\000l\000i\000z\000a\000t\000i\000o\000n}{section*.2}% 14
\BOOKMARK [1][-]{section*.15}{\376\377\000T\000o\000w\000a\000r\000d\000s\000\040\000a\000\040\000n\000o\000r\000m\000a\000t\000i\000v\000e\000\040\000p\000o\000s\000i\000t\000i\000o\000n\000:\000\040\000f\000l\000o\000o\000r\000s\000,\000\040\000m\000o\000b\000i\000l\000i\000t\000y\000,\000\040\000a\000n\000d\000\040\000m\000a\000n\000a\000g\000e\000d\000\040\000i\000n\000e\000q\000u\000a\000l\000i\000t\000y}{section*.2}% 15
\BOOKMARK [2][-]{section*.16}{\376\377\000F\000r\000o\000m\000\040\000s\000t\000r\000i\000c\000t\000\040\000e\000q\000u\000a\000l\000i\000t\000y\000\040\000t\000o\000\040\000r\000o\000b\000u\000s\000t\000\040\000o\000p\000p\000o\000r\000t\000u\000n\000i\000t\000y}{section*.15}% 16
\BOOKMARK [2][-]{section*.17}{\376\377\000L\000i\000m\000i\000t\000i\000n\000g\000\040\000r\000u\000n\000a\000w\000a\000y\000\040\000d\000y\000n\000a\000s\000t\000i\000c\000\040\000a\000c\000c\000u\000m\000u\000l\000a\000t\000i\000o\000n}{section*.15}% 17
\BOOKMARK [2][-]{section*.18}{\376\377\000A\000c\000c\000e\000p\000t\000i\000n\000g\000\040\000m\000a\000n\000a\000g\000e\000d\000\040\000i\000n\000j\000u\000s\000t\000i\000c\000e}{section*.15}% 18
\BOOKMARK [1][-]{section*.19}{\376\377\000C\000o\000n\000c\000l\000u\000s\000i\000o\000n}{section*.2}% 19
\BOOKMARK [1][-]{section*.20}{\376\377\000R\000e\000f\000e\000r\000e\000n\000c\000e\000s}{section*.2}% 20
