\BOOKMARK [0][-]{section*.2}{\376\377\000C\000o\000m\000p\000l\000e\000m\000e\000n\000t\000a\000r\000i\000t\000y\000\040\000i\000n\000\040\000S\000o\000c\000i\000a\000l\000\040\000M\000e\000a\000s\000u\000r\000e\000m\000e\000n\000t\000:\000\040\000A\000\040\000P\000a\000r\000t\000i\000t\000i\000o\000n\000-\000L\000o\000g\000i\000c\000\040\000A\000p\000p\000r\000o\000a\000c\000h}{}% 2
\BOOKMARK [1][-]{section*.1}{\376\377\000A\000b\000s\000t\000r\000a\000c\000t}{section*.2}% 1
\BOOKMARK [1][-]{section*.3}{\376\377\000I\000n\000t\000r\000o\000d\000u\000c\000t\000i\000o\000n}{section*.2}% 3
\BOOKMARK [1][-]{section*.6}{\376\377\000P\000r\000e\000l\000i\000m\000i\000n\000a\000r\000i\000e\000s\000:\000\040\000P\000a\000r\000t\000i\000t\000i\000o\000n\000\040\000l\000o\000g\000i\000c\000s\000\040\000a\000n\000d\000\040\000t\000h\000e\000i\000r\000\040\000p\000r\000o\000b\000a\000b\000i\000l\000i\000t\000i\000e\000s}{section*.2}% 4
\BOOKMARK [2][-]{section*.7}{\376\377\000T\000h\000e\000\040\000e\000l\000e\000m\000e\000n\000t\000s\000:\000\040\000l\000a\000t\000e\000n\000t\000\040\000s\000t\000a\000t\000e\000s\000,\000\040\000o\000b\000s\000e\000r\000v\000e\000d\000\040\000c\000a\000t\000e\000g\000o\000r\000i\000e\000s\000,\000\040\000a\000n\000d\000\040\000p\000a\000s\000t\000i\000n\000g}{section*.6}% 5
\BOOKMARK [2][-]{section*.8}{\376\377\000G\000r\000a\000p\000h\000i\000c\000a\000l\000\040\000r\000e\000p\000r\000e\000s\000e\000n\000t\000a\000t\000i\000o\000n\000s}{section*.6}% 6
\BOOKMARK [2][-]{section*.9}{\376\377\000P\000r\000o\000b\000a\000b\000i\000l\000i\000t\000y\000\040\000m\000o\000d\000e\000l\000s\000\040\000o\000n\000\040\000t\000h\000e\000\040\000s\000a\000m\000e\000\040\000o\000p\000e\000r\000a\000t\000i\000o\000n\000a\000l\000\040\000s\000t\000r\000u\000c\000t\000u\000r\000e}{section*.6}% 7
\BOOKMARK [1][-]{section*.14}{\376\377\000S\000c\000e\000n\000a\000r\000i\000o\000\040\0001\000:\000\040\000C\000o\000m\000p\000l\000e\000m\000e\000n\000t\000a\000r\000y\000\040\000p\000e\000r\000s\000o\000n\000n\000e\000l\000\040\000a\000s\000s\000e\000s\000s\000m\000e\000n\000t\000s\000\040\000\050\000L\0001\0002\000\051}{section*.2}% 8
\BOOKMARK [2][-]{section*.15}{\376\377\000W\000h\000a\000t\000\040\000a\000r\000e\000\040\000t\000h\000e\000\040\000t\000y\000p\000e\000s\000?}{section*.14}% 9
\BOOKMARK [2][-]{section*.16}{\376\377\000W\000h\000a\000t\000\040\000a\000r\000e\000\040\000t\000h\000e\000\040\000c\000o\000n\000t\000e\000x\000t\000s\000?}{section*.14}% 10
\BOOKMARK [2][-]{section*.17}{\376\377\000W\000h\000a\000t\000\040\000i\000s\000\040\000t\000h\000e\000\040\000i\000n\000t\000e\000r\000t\000w\000i\000n\000i\000n\000g\000\040\000a\000t\000o\000m\000?}{section*.14}% 11
\BOOKMARK [2][-]{section*.18}{\376\377\000W\000h\000a\000t\000\040\000d\000o\000e\000s\000\040\000t\000h\000e\000\040\000p\000a\000r\000t\000i\000t\000i\000o\000n\000\040\000l\000o\000g\000i\000c\000\040\000t\000e\000l\000l\000\040\000u\000s\000?}{section*.14}% 12
\BOOKMARK [1][-]{section*.19}{\376\377\000S\000c\000e\000n\000a\000r\000i\000o\000\040\0002\000:\000\040\000F\000r\000a\000m\000i\000n\000g\000\040\000e\000f\000f\000e\000c\000t\000s\000\040\000i\000n\000\040\000p\000u\000b\000l\000i\000c\000\040\000o\000p\000i\000n\000i\000o\000n\000\040\000s\000u\000r\000v\000e\000y\000s\000\040\000\050\000P\000e\000n\000t\000a\000g\000o\000n\000\040\000l\000o\000g\000i\000c\000\051}{section*.2}% 13
\BOOKMARK [2][-]{section*.20}{\376\377\000W\000h\000a\000t\000\040\000a\000r\000e\000\040\000t\000h\000e\000\040\000t\000y\000p\000e\000s\000?}{section*.19}% 14
\BOOKMARK [2][-]{section*.21}{\376\377\000W\000h\000a\000t\000\040\000a\000r\000e\000\040\000t\000h\000e\000\040\000c\000o\000n\000t\000e\000x\000t\000s\000?}{section*.19}% 15
\BOOKMARK [2][-]{section*.22}{\376\377\000W\000h\000a\000t\000\040\000a\000r\000e\000\040\000t\000h\000e\000\040\000i\000n\000t\000e\000r\000t\000w\000i\000n\000i\000n\000g\000\040\000a\000t\000o\000m\000s\000?}{section*.19}% 16
\BOOKMARK [2][-]{section*.23}{\376\377\000W\000h\000y\000\040\000t\000h\000e\000\040\000p\000e\000n\000t\000a\000g\000o\000n\000\040\000s\000t\000r\000u\000c\000t\000u\000r\000e\000\040\000m\000a\000t\000t\000e\000r\000s\000:\000\040\000c\000l\000a\000s\000s\000i\000c\000a\000l\000\040\000v\000s\000.\000\040\000q\000u\000a\000n\000t\000u\000m\000-\000l\000i\000k\000e\000\040\000b\000o\000u\000n\000d\000s}{section*.19}% 17
\BOOKMARK [1][-]{section*.25}{\376\377\000S\000c\000e\000n\000a\000r\000i\000o\000\040\0003\000:\000\040\000D\000i\000a\000g\000n\000o\000s\000t\000i\000c\000\040\000c\000o\000m\000p\000l\000e\000m\000e\000n\000t\000a\000r\000i\000t\000y\000\040\000i\000n\000\040\000c\000l\000i\000n\000i\000c\000a\000l\000\040\000p\000s\000y\000c\000h\000o\000l\000o\000g\000y\000\040\000\050\000T\000r\000i\000a\000n\000g\000l\000e\000\040\000l\000o\000g\000i\000c\000\051}{section*.2}% 18
\BOOKMARK [2][-]{section*.26}{\376\377\000W\000h\000a\000t\000\040\000a\000r\000e\000\040\000t\000h\000e\000\040\000l\000a\000t\000e\000n\000t\000\040\000s\000t\000a\000t\000e\000s\000?}{section*.25}% 19
\BOOKMARK [2][-]{section*.27}{\376\377\000W\000h\000a\000t\000\040\000a\000r\000e\000\040\000t\000h\000e\000\040\000t\000h\000r\000e\000e\000\040\000c\000o\000n\000t\000e\000x\000t\000s\000?}{section*.25}% 20
\BOOKMARK [2][-]{section*.28}{\376\377\000W\000h\000y\000\040\000o\000n\000l\000y\000\040\000o\000n\000e\000\040\000i\000n\000s\000t\000r\000u\000m\000e\000n\000t\000\040\000p\000e\000r\000\040\000s\000e\000s\000s\000i\000o\000n\000?}{section*.25}% 21
\BOOKMARK [2][-]{section*.29}{\376\377\000W\000h\000a\000t\000\040\000a\000r\000e\000\040\000t\000h\000e\000\040\000i\000n\000t\000e\000r\000t\000w\000i\000n\000i\000n\000g\000\040\000a\000t\000o\000m\000s\000?}{section*.25}% 22
\BOOKMARK [2][-]{section*.30}{\376\377\000T\000h\000e\000\040\000e\000x\000o\000t\000i\000c\000\040\000p\000r\000o\000b\000a\000b\000i\000l\000i\000t\000y\000\040\000w\000e\000i\000g\000h\000t\000:\000\040\000c\000l\000i\000n\000i\000c\000a\000l\000\040\000i\000n\000t\000e\000r\000p\000r\000e\000t\000a\000t\000i\000o\000n}{section*.25}% 23
\BOOKMARK [1][-]{section*.31}{\376\377\000S\000c\000e\000n\000a\000r\000i\000o\000\040\0004\000:\000\040\000E\000s\000p\000i\000o\000n\000a\000g\000e\000\040\000a\000n\000d\000\040\000r\000e\000l\000a\000t\000i\000o\000n\000a\000l\000\040\000e\000n\000c\000o\000d\000i\000n\000g\040\024\000a\000\040\000c\000l\000a\000s\000s\000i\000c\000a\000l\000\040\000c\000o\000n\000t\000r\000a\000s\000t\000\040\000c\000a\000s\000e}{section*.2}% 24
\BOOKMARK [2][-]{section*.32}{\376\377\000W\000h\000a\000t\000\040\000a\000r\000e\000\040\000t\000h\000e\000\040\000t\000y\000p\000e\000s\000?}{section*.31}% 25
\BOOKMARK [2][-]{section*.33}{\376\377\000W\000h\000a\000t\000\040\000a\000r\000e\000\040\000t\000h\000e\000\040\000c\000o\000n\000t\000e\000x\000t\000s\000?}{section*.31}% 26
\BOOKMARK [2][-]{section*.34}{\376\377\000R\000e\000l\000a\000t\000i\000o\000n\000a\000l\000\040\000e\000n\000c\000o\000d\000i\000n\000g\000\040\000a\000n\000d\000\040\000w\000h\000y\000\040\000i\000t\000\040\000i\000s\000\040\000l\000o\000c\000a\000l}{section*.31}% 27
\BOOKMARK [2][-]{section*.35}{\376\377\000W\000h\000a\000t\000\040\000t\000h\000i\000s\000\040\000s\000c\000e\000n\000a\000r\000i\000o\000\040\000s\000h\000o\000w\000s\040\024\000a\000n\000d\000\040\000w\000h\000a\000t\000\040\000i\000t\000\040\000d\000o\000e\000s\000\040\000n\000o\000t}{section*.31}% 28
\BOOKMARK [2][-]{section*.36}{\376\377\000S\000o\000c\000i\000a\000l\000\040\000s\000c\000i\000e\000n\000c\000e\000\040\000s\000i\000g\000n\000i\000f\000i\000c\000a\000n\000c\000e}{section*.31}% 29
\BOOKMARK [1][-]{section*.37}{\376\377\000S\000c\000e\000n\000a\000r\000i\000o\000\040\0005\000:\000\040\000L\000e\000g\000a\000l\000\040\000p\000l\000u\000r\000a\000l\000i\000s\000m\000\040\000a\000n\000d\000\040\000o\000v\000e\000r\000l\000a\000p\000p\000i\000n\000g\000\040\000j\000u\000r\000i\000s\000d\000i\000c\000t\000i\000o\000n\000s}{section*.2}% 30
\BOOKMARK [2][-]{section*.38}{\376\377\000W\000h\000a\000t\000\040\000a\000r\000e\000\040\000t\000h\000e\000\040\000t\000y\000p\000e\000s\000?}{section*.37}% 31
\BOOKMARK [2][-]{section*.39}{\376\377\000W\000h\000a\000t\000\040\000a\000r\000e\000\040\000t\000h\000e\000\040\000c\000o\000n\000t\000e\000x\000t\000s\000?}{section*.37}% 32
\BOOKMARK [2][-]{section*.40}{\376\377\000W\000h\000a\000t\000\040\000a\000r\000e\000\040\000t\000h\000e\000\040\000i\000n\000t\000e\000r\000t\000w\000i\000n\000i\000n\000g\000\040\000a\000t\000o\000m\000s\000?}{section*.37}% 33
\BOOKMARK [2][-]{section*.41}{\376\377\000W\000h\000a\000t\000\040\000d\000o\000e\000s\000\040\000t\000h\000e\000\040\000n\000o\000n\000-\000B\000o\000o\000l\000e\000a\000n\000\040\000s\000t\000r\000u\000c\000t\000u\000r\000e\000\040\000m\000e\000a\000n\000\040\000f\000o\000r\000\040\000l\000e\000g\000a\000l\000\040\000p\000r\000a\000c\000t\000i\000c\000e\000?}{section*.37}% 34
\BOOKMARK [1][-]{section*.42}{\376\377\000S\000c\000e\000n\000a\000r\000i\000o\000\040\0006\000:\000\040\000O\000r\000g\000a\000n\000i\000z\000a\000t\000i\000o\000n\000a\000l\000\040\000a\000u\000d\000i\000t\000i\000n\000g\000\040\000w\000i\000t\000h\000\040\000m\000e\000a\000s\000u\000r\000e\000m\000e\000n\000t\000\040\000d\000i\000s\000t\000u\000r\000b\000a\000n\000c\000e}{section*.2}% 35
\BOOKMARK [2][-]{section*.43}{\376\377\000W\000h\000a\000t\000\040\000a\000r\000e\000\040\000t\000h\000e\000\040\000t\000y\000p\000e\000s\000?}{section*.42}% 36
\BOOKMARK [2][-]{section*.44}{\376\377\000W\000h\000a\000t\000\040\000a\000r\000e\000\040\000t\000h\000e\000\040\000c\000o\000n\000t\000e\000x\000t\000s\000?}{section*.42}% 37
\BOOKMARK [2][-]{section*.45}{\376\377\000W\000h\000a\000t\000\040\000a\000r\000e\000\040\000t\000h\000e\000\040\000i\000n\000t\000e\000r\000t\000w\000i\000n\000i\000n\000g\000\040\000a\000t\000o\000m\000s\000?}{section*.42}% 38
\BOOKMARK [2][-]{section*.46}{\376\377\000F\000r\000o\000m\000\040\000t\000w\000o\000-\000c\000o\000n\000t\000e\000x\000t\000\040\000c\000o\000m\000p\000l\000e\000m\000e\000n\000t\000a\000r\000i\000t\000y\000\040\000t\000o\000\040\000a\000u\000t\000o\000m\000a\000t\000o\000n\000\040\000d\000y\000n\000a\000m\000i\000c\000s}{section*.42}% 39
\BOOKMARK [1][-]{section*.47}{\376\377\000D\000i\000s\000c\000u\000s\000s\000i\000o\000n\000:\000\040\000P\000r\000o\000b\000a\000b\000i\000l\000i\000t\000y\000\040\000m\000o\000d\000e\000l\000s\000\040\000a\000n\000d\000\040\000q\000u\000a\000n\000t\000u\000m\000\040\000c\000o\000g\000n\000i\000t\000i\000o\000n}{section*.2}% 40
\BOOKMARK [2][-]{section*.48}{\376\377\000S\000u\000m\000m\000a\000r\000y\000\040\000o\000f\000\040\000t\000h\000e\000\040\000l\000a\000y\000e\000r\000e\000d\000\040\000i\000n\000t\000e\000r\000p\000r\000e\000t\000a\000t\000i\000o\000n}{section*.47}% 41
\BOOKMARK [2][-]{section*.49}{\376\377\000W\000h\000y\000\040\000t\000h\000i\000s\000\040\000m\000a\000t\000t\000e\000r\000s\000\040\000f\000o\000r\000\040\000s\000o\000c\000i\000a\000l\000\040\000s\000c\000i\000e\000n\000c\000e}{section*.47}% 42
\BOOKMARK [1][-]{section*.55}{\376\377\000C\000o\000n\000c\000l\000u\000s\000i\000o\000n}{section*.2}% 43
\BOOKMARK [1][-]{section*.56}{\376\377\000A\000c\000k\000n\000o\000w\000l\000e\000d\000g\000m\000e\000n\000t\000s}{section*.2}% 44
\BOOKMARK [1][-]{section*.57}{\376\377\000R\000e\000f\000e\000r\000e\000n\000c\000e\000s}{section*.2}% 45
