\BOOKMARK [0][-]{section*.2}{\376\377\000Q\000u\000a\000s\000i\000-\000O\000r\000t\000h\000o\000g\000o\000n\000a\000l\000i\000t\000y\000\040\000i\000n\000\040\000H\000i\000g\000h\000-\000D\000i\000m\000e\000n\000s\000i\000o\000n\000a\000l\000\040\000H\000i\000l\000b\000e\000r\000t\000\040\000S\000p\000a\000c\000e\000s\000:\000\040\000A\000\040\000G\000e\000o\000m\000e\000t\000r\000i\000c\000\040\000C\000o\000m\000p\000a\000n\000i\000o\000n\000\040\000t\000o\000\040\000E\000n\000v\000i\000r\000o\000n\000m\000e\000n\000t\000a\000l\000\040\000D\000e\000c\000o\000h\000e\000r\000e\000n\000c\000e}{}% 2
\BOOKMARK [1][-]{section*.1}{\376\377\000A\000b\000s\000t\000r\000a\000c\000t}{section*.2}% 1
\BOOKMARK [1][-]{section*.3}{\376\377\000I\000n\000t\000r\000o\000d\000u\000c\000t\000i\000o\000n}{section*.2}% 3
\BOOKMARK [1][-]{section*.4}{\376\377\000Q\000u\000a\000s\000i\000-\000O\000r\000t\000h\000o\000g\000o\000n\000a\000l\000i\000t\000y\000\040\000a\000n\000d\000\040\000E\000x\000p\000o\000n\000e\000n\000t\000i\000a\000l\000\040\000P\000a\000c\000k\000i\000n\000g}{section*.2}% 4
\BOOKMARK [1][-]{section*.5}{\376\377\000L\000\351\000v\000y\000'\000s\000\040\000L\000e\000m\000m\000a\000\040\000a\000n\000d\000\040\000T\000y\000p\000i\000c\000a\000l\000\040\000O\000v\000e\000r\000l\000a\000p\000s}{section*.2}% 5
\BOOKMARK [1][-]{section*.6}{\376\377\000A\000p\000p\000l\000i\000c\000a\000t\000i\000o\000n\000\040\000t\000o\000\040\000t\000h\000e\000\040\000M\000e\000a\000s\000u\000r\000e\000m\000e\000n\000t\000\040\000P\000r\000o\000c\000e\000s\000s}{section*.2}% 6
\BOOKMARK [2][-]{section*.7}{\376\377\000T\000h\000e\000\040\000k\000i\000n\000e\000m\000a\000t\000i\000c\000\040\000c\000l\000a\000i\000m\000.}{section*.6}% 7
\BOOKMARK [2][-]{section*.8}{\376\377\000T\000h\000e\000\040\000d\000y\000n\000a\000m\000i\000c\000a\000l\000\040\000a\000s\000s\000u\000m\000p\000t\000i\000o\000n\000.}{section*.6}% 8
\BOOKMARK [2][-]{section*.9}{\376\377\000W\000h\000a\000t\000\040\000t\000h\000i\000s\000\040\000d\000o\000e\000s\000\040\000n\000o\000t\000\040\000s\000o\000l\000v\000e\000.}{section*.6}% 9
\BOOKMARK [2][-]{section*.12}{\376\377\000D\000e\000f\000u\000s\000i\000n\000g\000\040\000S\000c\000h\000r\000\366\000d\000i\000n\000g\000e\000r\000'\000s\000\040\000`\000`\000j\000e\000l\000l\000i\000f\000i\000c\000a\000t\000i\000o\000n\000'\000'\000\040\000w\000o\000r\000r\000y\000.}{section*.6}% 10
\BOOKMARK [1][-]{section*.13}{\376\377\000C\000o\000n\000n\000e\000c\000t\000i\000o\000n\000s\000\040\000t\000o\000\040\000t\000h\000e\000\040\000L\000i\000t\000e\000r\000a\000t\000u\000r\000e}{section*.2}% 11
\BOOKMARK [2][-]{section*.14}{\376\377\000A\000.\000\040\000C\000a\000n\000o\000n\000i\000c\000a\000l\000\040\000t\000y\000p\000i\000c\000a\000l\000i\000t\000y\000.}{section*.13}% 12
\BOOKMARK [2][-]{section*.15}{\376\377\000B\000.\000\040\000E\000v\000e\000r\000e\000t\000t\000i\000a\000n\000\040\000b\000r\000a\000n\000c\000h\000i\000n\000g\000.}{section*.13}% 13
\BOOKMARK [2][-]{section*.16}{\376\377\000C\000.\000\040\000Q\000u\000a\000n\000t\000u\000m\000\040\000D\000a\000r\000w\000i\000n\000i\000s\000m\000.}{section*.13}% 14
\BOOKMARK [2][-]{section*.17}{\376\377\000D\000.\000\040\000R\000a\000n\000d\000o\000m\000-\000m\000a\000t\000r\000i\000x\000\040\000a\000n\000d\000\040\000c\000h\000a\000o\000t\000i\000c\000-\000d\000y\000n\000a\000m\000i\000c\000s\000\040\000a\000p\000p\000r\000o\000a\000c\000h\000e\000s\000.}{section*.13}% 15
\BOOKMARK [2][-]{section*.18}{\376\377\000E\000.\000\040\000S\000e\000c\000t\000o\000r\000i\000z\000a\000t\000i\000o\000n\000,\000\040\000f\000a\000c\000t\000o\000r\000i\000z\000a\000t\000i\000o\000n\000,\000\040\000a\000n\000d\000\040\000f\000i\000n\000i\000t\000e\000-\000N\000\040\000s\000h\000a\000d\000o\000w\000s\000.}{section*.13}% 16
\BOOKMARK [2][-]{section*.22}{\376\377\000F\000.\000\040\000M\000a\000c\000h\000i\000n\000e\000-\000l\000e\000a\000r\000n\000i\000n\000g\000\040\000e\000m\000b\000e\000d\000d\000i\000n\000g\000s\000.}{section*.13}% 17
\BOOKMARK [1][-]{section*.23}{\376\377\000D\000i\000s\000c\000u\000s\000s\000i\000o\000n}{section*.2}% 18
\BOOKMARK [1][-]{section*.24}{\376\377\000C\000o\000n\000c\000l\000u\000s\000i\000o\000n}{section*.2}% 19
\BOOKMARK [1][-]{section*.25}{\376\377\000M\000e\000a\000n\000\040\000a\000n\000d\000\040\000L\000i\000p\000s\000c\000h\000i\000t\000z\000\040\000B\000o\000u\000n\000d\000\040\000f\000o\000r\000\040\000O\000v\000e\000r\000l\000a\000p}{section*.2}% 20
\BOOKMARK [1][-]{section*.26}{\376\377\000L\000o\000w\000e\000r\000\040\000B\000o\000u\000n\000d\000\040\000o\000n\000\040\000Q\000u\000a\000s\000i\000-\000O\000r\000t\000h\000o\000g\000o\000n\000a\000l\000\040\000P\000a\000c\000k\000i\000n\000g}{section*.2}% 21
\BOOKMARK [1][-]{section*.27}{\376\377\000E\000f\000f\000e\000c\000t\000i\000v\000e\000\040\000D\000i\000m\000e\000n\000s\000i\000o\000n\000\040\000a\000n\000d\000\040\000t\000h\000e\000\040\000M\000i\000c\000r\000o\000c\000a\000n\000o\000n\000i\000c\000a\000l\000\040\000E\000n\000t\000r\000o\000p\000y}{section*.2}% 22
\BOOKMARK [1][-]{section*.28}{\376\377\000A\000c\000k\000n\000o\000w\000l\000e\000d\000g\000m\000e\000n\000t\000s}{section*.2}% 23
\BOOKMARK [1][-]{section*.29}{\376\377\000R\000e\000f\000e\000r\000e\000n\000c\000e\000s}{section*.2}% 24
