\BOOKMARK [0][-]{section*.2}{\376\377\000B\000e\000y\000o\000n\000d\000\040\000O\000n\000e\000-\000S\000h\000o\000t\000\040\000O\000u\000t\000p\000u\000t\000:\000\040\000T\000h\000e\000o\000r\000e\000t\000i\000c\000a\000l\000\040\000P\000h\000y\000s\000i\000c\000s\000\040\000v\000i\000a\000\040\000I\000t\000e\000r\000a\000t\000i\000v\000e\000\040\000M\000a\000c\000h\000i\000n\000e\000\040\000F\000o\000r\000m\000a\000l\000i\000z\000a\000t\000i\000o\000n}{}% 2
\BOOKMARK [1][-]{section*.1}{\376\377\000A\000b\000s\000t\000r\000a\000c\000t}{section*.2}% 1
\BOOKMARK [1][-]{section*.3}{\376\377\000I\000n\000t\000r\000o\000d\000u\000c\000t\000i\000o\000n\000:\000\040\000t\000h\000e\000\040\000r\000e\000t\000u\000r\000n\000e\000d\000\040\000R\000e\000c\000h\000n\000e\000r}{section*.2}% 3
\BOOKMARK [1][-]{section*.4}{\376\377\000A\000\040\000s\000t\000a\000r\000t\000i\000n\000g\000\040\000p\000o\000i\000n\000t\000:\000\040\000t\000h\000e\000\040\000o\000n\000e\000-\000s\000h\000o\000t\000\040\000r\000e\000g\000i\000m\000e}{section*.2}% 4
\BOOKMARK [1][-]{section*.5}{\376\377\000F\000r\000o\000m\000\040\000o\000n\000e\000-\000s\000h\000o\000t\000\040\000o\000u\000t\000p\000u\000t\000\040\000t\000o\000\040\000i\000n\000t\000e\000r\000a\000c\000t\000i\000v\000e\000\040\000c\000o\000m\000p\000u\000t\000a\000t\000i\000o\000n}{section*.2}% 5
\BOOKMARK [2][-]{section*.6}{\376\377\000A\000r\000b\000i\000t\000r\000a\000r\000i\000l\000y\000\040\000l\000o\000n\000g\000\040\000c\000o\000m\000p\000u\000t\000a\000t\000i\000o\000n}{section*.5}% 6
\BOOKMARK [2][-]{section*.7}{\376\377\000S\000e\000l\000f\000-\000r\000e\000f\000e\000r\000e\000n\000c\000e\000\040\000a\000n\000d\000\040\000r\000e\000f\000l\000e\000c\000t\000i\000v\000e\000\040\000c\000o\000r\000r\000e\000c\000t\000i\000o\000n}{section*.5}% 7
\BOOKMARK [2][-]{section*.8}{\376\377\000A\000\040\000c\000o\000m\000p\000o\000s\000i\000t\000e\000\040\000m\000a\000c\000h\000i\000n\000e}{section*.5}% 8
\BOOKMARK [1][-]{section*.9}{\376\377\000I\000m\000a\000g\000e\000s\000\040\000a\000n\000d\000\040\000f\000o\000r\000m\000a\000l\000i\000z\000e\000r\000s\000\040\000i\000n\000\040\000t\000h\000e\000o\000r\000e\000t\000i\000c\000a\000l\000\040\000p\000h\000y\000s\000i\000c\000s}{section*.2}% 9
\BOOKMARK [2][-]{section*.10}{\376\377\000H\000e\000r\000t\000z\000'\000s\000\040\000i\000m\000a\000g\000e\000s}{section*.9}% 10
\BOOKMARK [2][-]{section*.11}{\376\377\000T\000h\000e\000\040\000R\000e\000c\000h\000n\000e\000r\000\040\000a\000s\000\040\000a\000\040\000r\000e\000c\000u\000r\000r\000i\000n\000g\000\040\000f\000i\000g\000u\000r\000e}{section*.9}% 11
\BOOKMARK [2][-]{section*.12}{\376\377\000P\000o\000d\000o\000l\000s\000k\000y\000,\000\040\000R\000o\000s\000e\000n\000,\000\040\000a\000n\000d\000\040\000W\000e\000y\000l}{section*.9}% 12
\BOOKMARK [2][-]{section*.13}{\376\377\000T\000h\000e\000\040\000h\000i\000s\000t\000o\000r\000i\000c\000a\000l\000\040\000m\000o\000r\000a\000l}{section*.9}% 13
\BOOKMARK [2][-]{section*.14}{\376\377\000I\000n\000t\000u\000i\000t\000i\000o\000n\000,\000\040\000P\000l\000a\000t\000o\000n\000i\000s\000m\000,\000\040\000a\000n\000d\000\040\000t\000h\000e\000\040\000a\000l\000l\000e\000g\000e\000d\000\040\000a\000c\000c\000e\000s\000s\000\040\000t\000o\000\040\000t\000h\000e\000\040\000i\000n\000e\000f\000f\000a\000b\000l\000e}{section*.9}% 14
\BOOKMARK [1][-]{section*.15}{\376\377\000A\000d\000v\000e\000r\000s\000a\000r\000i\000a\000l\000\040\000f\000o\000r\000m\000a\000l\000i\000z\000a\000t\000i\000o\000n\000\040\000a\000s\000\040\000a\000\040\000r\000e\000s\000e\000a\000r\000c\000h\000\040\000p\000r\000a\000c\000t\000i\000c\000e}{section*.2}% 15
\BOOKMARK [2][-]{section*.16}{\376\377\000F\000r\000o\000m\000\040\000p\000r\000o\000g\000r\000a\000m\000m\000i\000n\000g\000\040\000t\000o\000\040\000s\000p\000e\000c\000i\000f\000i\000c\000a\000t\000i\000o\000n}{section*.15}% 16
\BOOKMARK [2][-]{section*.17}{\376\377\000B\000o\000r\000i\000n\000g\000\040\000p\000r\000o\000s\000e\000\040\000a\000n\000d\000\040\000h\000o\000m\000o\000g\000e\000n\000i\000z\000e\000d\000\040\000s\000t\000y\000l\000e}{section*.15}% 17
\BOOKMARK [2][-]{section*.18}{\376\377\000A\000\040\000c\000o\000n\000c\000r\000e\000t\000e\000\040\000p\000a\000t\000t\000e\000r\000n}{section*.15}% 18
\BOOKMARK [2][-]{section*.19}{\376\377\000P\000r\000o\000t\000o\000c\000o\000l}{section*.15}% 19
\BOOKMARK [2][-]{section*.20}{\376\377\000C\000o\000m\000p\000u\000t\000e\000\040\000a\000s\000\040\000a\000\040\000r\000e\000s\000e\000a\000r\000c\000h\000\040\000r\000e\000s\000o\000u\000r\000c\000e}{section*.15}% 20
\BOOKMARK [1][-]{section*.21}{\376\377\000T\000o\000w\000a\000r\000d\000\040\000a\000n\000\040\000i\000n\000t\000e\000r\000a\000c\000t\000i\000v\000e\000\040\000b\000e\000n\000c\000h\000m\000a\000r\000k}{section*.2}% 21
\BOOKMARK [1][-]{section*.22}{\376\377\000P\000e\000e\000r\000\040\000r\000e\000v\000i\000e\000w\000,\000\040\000d\000i\000s\000c\000l\000o\000s\000u\000r\000e\000,\000\040\000a\000n\000d\000\040\000f\000o\000r\000m\000a\000l\000\040\000s\000t\000a\000t\000u\000s}{section*.2}% 22
\BOOKMARK [1][-]{section*.23}{\376\377\000T\000h\000e\000\040\000f\000o\000u\000r\000t\000h\000\040\000h\000u\000m\000i\000l\000i\000a\000t\000i\000o\000n\000:\000\040\000f\000o\000r\000m\000a\000l\000\040\000s\000t\000a\000t\000u\000s\000\040\000a\000n\000d\000\040\000c\000o\000m\000p\000e\000t\000i\000n\000g\000\040\000c\000o\000g\000n\000i\000t\000i\000o\000n}{section*.2}% 23
\BOOKMARK [1][-]{section*.24}{\376\377\000F\000u\000t\000u\000r\000e\000\040\000r\000e\000q\000u\000i\000r\000e\000m\000e\000n\000t\000s}{section*.2}% 24
\BOOKMARK [2][-]{section*.25}{\376\377\000T\000h\000e\000\040\000m\000o\000v\000i\000n\000g\000\040\000t\000a\000r\000g\000e\000t}{section*.24}% 25
\BOOKMARK [2][-]{section*.26}{\376\377\000P\000e\000r\000s\000i\000s\000t\000e\000n\000t\000\040\000m\000e\000m\000o\000r\000y\000\040\000a\000n\000d\000\040\000t\000r\000u\000s\000t}{section*.24}% 26
\BOOKMARK [2][-]{section*.27}{\376\377\000R\000a\000n\000d\000o\000m\000n\000e\000s\000s\000\040\000a\000n\000d\000\040\000s\000e\000l\000f\000-\000r\000e\000f\000l\000e\000c\000t\000i\000o\000n}{section*.24}% 27
\BOOKMARK [2][-]{section*.28}{\376\377\000C\000r\000o\000s\000s\000-\000m\000o\000d\000a\000l\000\040\000t\000r\000a\000n\000s\000f\000e\000r}{section*.24}% 28
\BOOKMARK [1][-]{section*.29}{\376\377\000L\000i\000m\000i\000t\000a\000t\000i\000o\000n\000s}{section*.2}% 29
\BOOKMARK [1][-]{section*.30}{\376\377\000C\000o\000n\000c\000l\000u\000s\000i\000o\000n}{section*.2}% 30
\BOOKMARK [1][-]{section*.31}{\376\377\000A\000c\000k\000n\000o\000w\000l\000e\000d\000g\000m\000e\000n\000t\000s}{section*.2}% 31
\BOOKMARK [1][-]{section*.32}{\376\377\000R\000e\000f\000e\000r\000e\000n\000c\000e\000s}{section*.2}% 32
