\BOOKMARK [0][-]{section*.2}{\376\377\000P\000e\000r\000m\000u\000t\000a\000t\000i\000o\000n\000\040\000M\000a\000t\000r\000i\000c\000e\000s\000\040\000a\000s\000\040\000G\000e\000n\000e\000r\000a\000t\000i\000v\000e\000\040\000S\000c\000o\000r\000e\000s\000:\000\040\000N\000o\000i\000s\000e\000\040\000M\000o\000d\000e\000l\000s\000,\000\040\000M\000i\000n\000i\000m\000a\000l\000\040\000M\000u\000s\000i\000c\000,\000\040\000a\000n\000d\000\040\000L\000o\000g\000i\000c\000\040\000P\000r\000o\000g\000r\000a\000m\000m\000i\000n\000g}{}% 2
\BOOKMARK [1][-]{section*.1}{\376\377\000A\000b\000s\000t\000r\000a\000c\000t}{section*.2}% 1
\BOOKMARK [1][-]{section*.3}{\376\377\000I\000n\000t\000r\000o\000d\000u\000c\000t\000i\000o\000n}{section*.2}% 3
\BOOKMARK [1][-]{section*.4}{\376\377\000P\000e\000r\000m\000u\000t\000a\000t\000i\000o\000n\000\040\000m\000a\000t\000r\000i\000c\000e\000s\000\040\000a\000s\000\040\000g\000e\000n\000e\000r\000a\000t\000i\000v\000e\000\040\000s\000k\000e\000l\000e\000t\000o\000n\000s}{section*.2}% 4
\BOOKMARK [2][-]{section*.5}{\376\377\000F\000o\000r\000m\000a\000l\000\040\000s\000t\000r\000u\000c\000t\000u\000r\000e}{section*.4}% 5
\BOOKMARK [2][-]{section*.6}{\376\377\000Q\000u\000a\000n\000t\000u\000m\000-\000m\000e\000c\000h\000a\000n\000i\000c\000a\000l\000\040\000m\000o\000t\000i\000v\000a\000t\000i\000o\000n\000:\000\040\000f\000r\000o\000m\000\040\000u\000n\000i\000t\000a\000r\000y\000\040\000t\000o\000\040\000p\000e\000r\000m\000u\000t\000a\000t\000i\000o\000n\000\040\000m\000a\000t\000r\000i\000c\000e\000s}{section*.4}% 6
\BOOKMARK [2][-]{section*.7}{\376\377\000T\000r\000a\000n\000s\000p\000o\000s\000i\000t\000i\000o\000n\000s\000\040\000a\000n\000d\000\040\000r\000a\000n\000k\000-\0002\000\040\000p\000e\000r\000m\000u\000t\000a\000t\000i\000o\000n\000s}{section*.4}% 7
\BOOKMARK [2][-]{section*.8}{\376\377\000C\000o\000n\000c\000r\000e\000t\000e\000\040\000e\000x\000a\000m\000p\000l\000e}{section*.4}% 8
\BOOKMARK [1][-]{section*.9}{\376\377\000W\000h\000i\000t\000e\000\040\000n\000o\000i\000s\000e\000\040\000p\000e\000r\000m\000u\000t\000a\000t\000i\000o\000n\000s}{section*.2}% 9
\BOOKMARK [1][-]{section*.11}{\376\377\000B\000r\000o\000w\000n\000\040\000n\000o\000i\000s\000e\000\040\000p\000e\000r\000m\000u\000t\000a\000t\000i\000o\000n\000s}{section*.2}% 10
\BOOKMARK [1][-]{section*.13}{\376\377\000P\000i\000n\000k\000\040\000n\000o\000i\000s\000e\000\040\000\050\000f\000r\000a\000c\000t\000a\000l\000\051\000\040\000p\000e\000r\000m\000u\000t\000a\000t\000i\000o\000n\000s}{section*.2}% 11
\BOOKMARK [1][-]{section*.15}{\376\377\000M\000i\000n\000i\000m\000a\000l\000\040\000m\000u\000s\000i\000c\000\040\000a\000n\000d\000\040\000r\000a\000n\000k\000-\0002\000\040\000p\000e\000r\000m\000u\000t\000a\000t\000i\000o\000n\000s}{section*.2}% 12
\BOOKMARK [1][-]{section*.17}{\376\377\000C\000o\000m\000p\000a\000r\000a\000t\000i\000v\000e\000\040\000o\000v\000e\000r\000v\000i\000e\000w}{section*.2}% 13
\BOOKMARK [1][-]{section*.18}{\376\377\000P\000r\000o\000l\000o\000g\000\040\000r\000e\000a\000l\000i\000z\000a\000t\000i\000o\000n}{section*.2}% 14
\BOOKMARK [1][-]{section*.19}{\376\377\000D\000i\000s\000c\000u\000s\000s\000i\000o\000n}{section*.2}% 15
\BOOKMARK [2][-]{section*.20}{\376\377\000T\000h\000e\000\040\000u\000n\000i\000t\000a\000r\000y\040\023\000p\000e\000r\000m\000u\000t\000a\000t\000i\000o\000n\000\040\000b\000r\000i\000d\000g\000e}{section*.19}% 16
\BOOKMARK [2][-]{section*.21}{\376\377\000S\000t\000r\000u\000c\000t\000u\000r\000e\000\040\000a\000s\000\040\000c\000o\000n\000s\000t\000r\000a\000i\000n\000t}{section*.19}% 17
\BOOKMARK [2][-]{section*.22}{\376\377\000P\000e\000r\000c\000e\000p\000t\000u\000a\000l\000\040\000o\000f\000f\000e\000r\000i\000n\000g\000s\000\040\000a\000n\000d\000\040\000t\000i\000m\000e}{section*.19}% 18
\BOOKMARK [2][-]{section*.23}{\376\377\000G\000e\000n\000e\000r\000a\000l\000i\000z\000a\000t\000i\000o\000n}{section*.19}% 19
\BOOKMARK [2][-]{section*.24}{\376\377\000C\000o\000n\000n\000e\000c\000t\000i\000o\000n\000\040\000t\000o\000\040\000H\000a\000u\000e\000r\000'\000s\000\040\000Z\000w\000\366\000l\000f\000t\000o\000n\000s\000p\000i\000e\000l}{section*.19}% 20
\BOOKMARK [3][-]{section*.25}{\376\377\000H\000a\000u\000e\000r\000'\000s\000\040\000s\000y\000s\000t\000e\000m\000\040\000a\000s\000\040\000p\000e\000r\000m\000u\000t\000a\000t\000i\000o\000n\000\040\000m\000u\000s\000i\000c}{section*.24}% 21
\BOOKMARK [3][-]{section*.26}{\376\377\000T\000r\000o\000p\000e\000s\000\040\000a\000s\000\040\000e\000q\000u\000i\000v\000a\000l\000e\000n\000c\000e\000\040\000c\000l\000a\000s\000s\000e\000s\000\040\000o\000n\000\040\000S\0001\0002}{section*.24}% 22
\BOOKMARK [3][-]{section*.27}{\376\377\000H\000a\000u\000e\000r\000\040\000v\000e\000r\000s\000u\000s\000\040\000S\000c\000h\000o\000e\000n\000b\000e\000r\000g}{section*.24}% 23
\BOOKMARK [3][-]{section*.28}{\376\377\000H\000a\000u\000e\000r\000'\000s\000\040\000t\000r\000o\000p\000e\000s\000\040\000a\000n\000d\000\040\000n\000o\000i\000s\000e\000\040\000r\000e\000g\000i\000m\000e\000s}{section*.24}% 24
\BOOKMARK [3][-]{section*.29}{\376\377\000T\000h\000e\000\040\000S\000p\000i\000e\000l\000\040\000a\000s\000\040\000g\000e\000n\000e\000r\000a\000t\000i\000v\000e\000\040\000g\000r\000a\000m\000m\000a\000r}{section*.24}% 25
\BOOKMARK [1][-]{section*.30}{\376\377\000C\000o\000n\000c\000l\000u\000s\000i\000o\000n}{section*.2}% 26
\BOOKMARK [1][-]{section*.31}{\376\377\000A\000c\000k\000n\000o\000w\000l\000e\000d\000g\000m\000e\000n\000t\000s}{section*.2}% 27
\BOOKMARK [1][-]{section*.32}{\376\377\000R\000e\000f\000e\000r\000e\000n\000c\000e\000s}{section*.2}% 28
