\BOOKMARK [0][-]{section*.2}{\376\377\000S\000e\000m\000a\000n\000t\000i\000c\000\040\000C\000o\000n\000c\000u\000r\000r\000e\000n\000c\000y\000\040\000L\000i\000m\000i\000t\000s\000\040\000i\000n\000\040\000L\000a\000r\000g\000e\000\040\000L\000a\000n\000g\000u\000a\000g\000e\000\040\000M\000o\000d\000e\000l\000s}{}% 2
\BOOKMARK [1][-]{section*.1}{\376\377\000A\000b\000s\000t\000r\000a\000c\000t}{section*.2}% 1
\BOOKMARK [1][-]{section*.3}{\376\377\000I\000n\000t\000r\000o\000d\000u\000c\000t\000i\000o\000n}{section*.2}% 3
\BOOKMARK [1][-]{section*.5}{\376\377\000C\000o\000n\000c\000e\000n\000t\000r\000a\000t\000i\000o\000n\000\040\000g\000e\000o\000m\000e\000t\000r\000y\000\040\000a\000n\000d\000\040\000c\000a\000p\000a\000c\000i\000t\000y}{section*.2}% 4
\BOOKMARK [2][-]{section*.6}{\376\377\000Q\000u\000a\000s\000i\000-\000o\000r\000t\000h\000o\000g\000o\000n\000a\000l\000i\000t\000y}{section*.5}% 5
\BOOKMARK [2][-]{section*.7}{\376\377\000L\000\351\000v\000y\000'\000s\000\040\000l\000e\000m\000m\000a\000\040\000a\000n\000d\000\040\000l\000i\000n\000e\000a\000r\000\040\000o\000v\000e\000r\000l\000a\000p\000s}{section*.5}% 6
\BOOKMARK [2][-]{section*.9}{\376\377\000E\000x\000p\000o\000n\000e\000n\000t\000i\000a\000l\000\040\000p\000a\000c\000k\000i\000n\000g}{section*.5}% 7
\BOOKMARK [2][-]{section*.10}{\376\377\000K\000i\000n\000e\000t\000i\000c\000\040\000c\000a\000p\000a\000c\000i\000t\000y\000\040\000v\000e\000r\000s\000u\000s\000\040\000e\000p\000i\000s\000t\000e\000m\000i\000c\000\040\000a\000c\000c\000e\000s\000s\000i\000b\000i\000l\000i\000t\000y}{section*.5}% 8
\BOOKMARK [1][-]{section*.11}{\376\377\000H\000i\000n\000g\000e\000\040\000v\000e\000c\000t\000o\000r\000s\000\040\000a\000n\000d\000\040\000s\000e\000n\000s\000e\000\040\000s\000u\000b\000s\000p\000a\000c\000e\000s}{section*.2}% 9
\BOOKMARK [2][-]{section*.12}{\376\377\000T\000h\000e\000\040\000h\000i\000n\000g\000e\000\040\000h\000y\000p\000o\000t\000h\000e\000s\000i\000s}{section*.11}% 10
\BOOKMARK [2][-]{section*.13}{\376\377\000G\000a\000t\000e\000d\000-\000s\000u\000b\000s\000p\000a\000c\000e\000\040\000r\000e\000a\000d\000o\000u\000t}{section*.11}% 11
\BOOKMARK [2][-]{section*.14}{\376\377\000P\000a\000c\000k\000i\000n\000g\000\040\000s\000e\000n\000s\000e\000\040\000s\000u\000b\000s\000p\000a\000c\000e\000s\000\040\000a\000r\000o\000u\000n\000d\000\040\000o\000n\000e\000\040\000h\000i\000n\000g\000e}{section*.11}% 12
\BOOKMARK [2][-]{section*.15}{\376\377\000R\000e\000l\000a\000t\000i\000o\000n\000\040\000t\000o\000\040\000d\000y\000n\000a\000m\000i\000c\000\040\000c\000o\000n\000t\000e\000x\000t\000u\000a\000l\000\040\000e\000m\000b\000e\000d\000d\000i\000n\000g\000s}{section*.11}% 13
\BOOKMARK [1][-]{section*.16}{\376\377\000A\000t\000t\000e\000n\000t\000i\000o\000n\000\040\000a\000n\000d\000\040\000l\000a\000t\000e\000n\000t\000\040\000f\000r\000a\000m\000e\000\040\000s\000e\000l\000e\000c\000t\000i\000o\000n}{section*.2}% 14
\BOOKMARK [1][-]{section*.17}{\376\377\000D\000i\000s\000c\000u\000s\000s\000i\000o\000n}{section*.2}% 15
\BOOKMARK [2][-]{section*.18}{\376\377\000R\000e\000l\000a\000t\000i\000o\000n\000\040\000t\000o\000\040\000s\000u\000p\000e\000r\000p\000o\000s\000i\000t\000i\000o\000n\000\040\000a\000n\000d\000\040\000s\000p\000a\000r\000s\000e\000\040\000a\000u\000t\000o\000e\000n\000c\000o\000d\000e\000r\000s}{section*.17}% 16
\BOOKMARK [2][-]{section*.19}{\376\377\000A\000\040\000c\000o\000a\000c\000t\000i\000v\000a\000t\000i\000o\000n\000-\000w\000e\000i\000g\000h\000t\000e\000d\000\040\000c\000a\000p\000a\000c\000i\000t\000y\000\040\000l\000i\000m\000i\000t}{section*.17}% 17
\BOOKMARK [2][-]{section*.20}{\376\377\000L\000i\000m\000i\000t\000a\000t\000i\000o\000n\000s}{section*.17}% 18
\BOOKMARK [2][-]{section*.21}{\376\377\000E\000m\000p\000i\000r\000i\000c\000a\000l\000\040\000p\000r\000e\000d\000i\000c\000t\000i\000o\000n\000s}{section*.17}% 19
\BOOKMARK [2][-]{section*.24}{\376\377\000S\000c\000o\000p\000e\000\040\000o\000f\000\040\000t\000h\000e\000\040\000q\000u\000a\000n\000t\000u\000m\000\040\000a\000n\000a\000l\000o\000g\000y}{section*.17}% 20
\BOOKMARK [1][-]{section*.25}{\376\377\000C\000o\000n\000c\000l\000u\000s\000i\000o\000n}{section*.2}% 21
\BOOKMARK [1][-]{section*.26}{\376\377\000A\000c\000k\000n\000o\000w\000l\000e\000d\000g\000m\000e\000n\000t\000s}{section*.2}% 22
\BOOKMARK [1][-]{section*.27}{\376\377\000R\000e\000f\000e\000r\000e\000n\000c\000e\000s}{section*.2}% 23
