\BOOKMARK [0][-]{section*.2}{\376\377\000L\000o\000c\000a\000l\000\040\000S\000o\000f\000t\000m\000a\000x\000\040\000a\000n\000d\000\040\000G\000l\000o\000b\000a\000l\000\040\000W\000e\000i\000g\000h\000t\000s\000\040\000i\000n\000\040\000N\000o\000n\000-\000B\000o\000o\000l\000e\000a\000n\000\040\000E\000v\000e\000n\000t\000\040\000S\000t\000r\000u\000c\000t\000u\000r\000e\000s}{}% 2
\BOOKMARK [1][-]{section*.1}{\376\377\000A\000b\000s\000t\000r\000a\000c\000t}{section*.2}% 1
\BOOKMARK [1][-]{section*.3}{\376\377\000I\000n\000t\000r\000o\000d\000u\000c\000t\000i\000o\000n}{section*.2}% 3
\BOOKMARK [1][-]{section*.4}{\376\377\000P\000a\000s\000t\000e\000d\000\040\000e\000v\000e\000n\000t\000\040\000s\000t\000r\000u\000c\000t\000u\000r\000e\000s\000\040\000a\000n\000d\000\040\000a\000d\000m\000i\000s\000s\000i\000b\000l\000e\000\040\000w\000e\000i\000g\000h\000t\000s}{section*.2}% 4
\BOOKMARK [1][-]{section*.5}{\376\377\000G\000e\000n\000e\000r\000a\000l\000i\000z\000e\000d\000\040\000s\000o\000f\000t\000m\000a\000x\000\040\000a\000n\000d\000\040\000p\000o\000s\000i\000t\000i\000v\000e\000\040\000c\000o\000o\000r\000d\000i\000n\000a\000t\000e\000s}{section*.2}% 5
\BOOKMARK [1][-]{section*.8}{\376\377\000R\000e\000p\000r\000e\000s\000e\000n\000t\000a\000t\000i\000o\000n\000\040\000t\000h\000e\000o\000r\000e\000m}{section*.2}% 6
\BOOKMARK [1][-]{section*.9}{\376\377\000R\000e\000l\000a\000t\000i\000o\000n\000\040\000t\000o\000\040\000C\000a\000u\000c\000h\000y\000'\000s\000\040\000f\000u\000n\000c\000t\000i\000o\000n\000a\000l\000\040\000e\000q\000u\000a\000t\000i\000o\000n}{section*.2}% 7
\BOOKMARK [1][-]{section*.10}{\376\377\000C\000l\000a\000s\000s\000i\000c\000a\000l\000,\000\040\000q\000u\000a\000n\000t\000u\000m\000,\000\040\000a\000n\000d\000\040\000e\000x\000o\000t\000i\000c\000\040\000r\000e\000g\000i\000o\000n\000s}{section*.2}% 8
\BOOKMARK [1][-]{section*.11}{\376\377\000O\000d\000d\000\040\000c\000y\000c\000l\000e\000s\000\040\000a\000n\000d\000\040\000e\000x\000o\000t\000i\000c\000\040\000h\000a\000l\000f\000-\000w\000e\000i\000g\000h\000t\000s}{section*.2}% 9
\BOOKMARK [2][-]{section*.13}{\376\377\000T\000r\000i\000a\000n\000g\000l\000e}{section*.11}% 10
\BOOKMARK [2][-]{section*.14}{\376\377\000P\000e\000n\000t\000a\000g\000o\000n}{section*.11}% 11
\BOOKMARK [1][-]{section*.15}{\376\377\000E\000m\000p\000i\000r\000i\000c\000a\000l\000\040\000a\000n\000d\000\040\000m\000o\000d\000e\000l\000l\000i\000n\000g\000\040\000i\000m\000p\000l\000i\000c\000a\000t\000i\000o\000n\000s}{section*.2}% 12
\BOOKMARK [1][-]{section*.16}{\376\377\000D\000i\000s\000c\000u\000s\000s\000i\000o\000n}{section*.2}% 13
\BOOKMARK [1][-]{section*.17}{\376\377\000C\000o\000n\000c\000l\000u\000s\000i\000o\000n}{section*.2}% 14
\BOOKMARK [1][-]{section*.18}{\376\377\000A\000c\000k\000n\000o\000w\000l\000e\000d\000g\000m\000e\000n\000t\000s}{section*.2}% 15
\BOOKMARK [1][-]{section*.19}{\376\377\000L\000e\000a\000n\000\040\000v\000e\000r\000i\000f\000i\000c\000a\000t\000i\000o\000n\000\040\000a\000r\000t\000i\000f\000a\000c\000t\000s}{section*.2}% 16
\BOOKMARK [2][-]{section*.20}{\376\377\000P\000r\000o\000j\000e\000c\000t\000\040\000f\000i\000l\000e\000s}{section*.19}% 17
\BOOKMARK [2][-]{section*.24}{\376\377\000C\000o\000r\000e\000\040\000r\000e\000p\000r\000e\000s\000e\000n\000t\000a\000t\000i\000o\000n\000\040\000t\000h\000e\000o\000r\000e\000m}{section*.19}% 18
\BOOKMARK [2][-]{section*.26}{\376\377\000G\000l\000u\000i\000n\000g\000\040\000o\000f\000\040\000l\000o\000c\000a\000l\000\040\000d\000i\000s\000t\000r\000i\000b\000u\000t\000i\000o\000n\000s}{section*.19}% 19
\BOOKMARK [2][-]{section*.28}{\376\377\000P\000e\000n\000t\000a\000g\000o\000n\000\040\000h\000a\000l\000f\000-\000w\000e\000i\000g\000h\000t}{section*.19}% 20
\BOOKMARK [1][-]{section*.30}{\376\377\000R\000e\000f\000e\000r\000e\000n\000c\000e\000s}{section*.2}% 21
