\BOOKMARK [0][-]{section*.2}{\376\377\000A\000g\000a\000i\000n\000s\000t\000\040\000a\000\040\000U\000n\000i\000v\000e\000r\000s\000a\000l\000\040\000T\000r\000a\000d\000i\000n\000g\000\040\000S\000t\000r\000a\000t\000e\000g\000y\000:\000\040\000N\000o\000-\000A\000r\000b\000i\000t\000r\000a\000g\000e\000,\000\040\000N\000o\000-\000F\000r\000e\000e\000-\000L\000u\000n\000c\000h\000,\000\040\000a\000n\000d\000\040\000A\000d\000v\000e\000r\000s\000a\000r\000i\000a\000l\000\040\000C\000a\000n\000t\000o\000r\000\040\000D\000i\000a\000g\000o\000n\000a\000l\000i\000z\000a\000t\000i\000o\000n}{}% 2
\BOOKMARK [1][-]{section*.1}{\376\377\000A\000b\000s\000t\000r\000a\000c\000t}{section*.2}% 1
\BOOKMARK [1][-]{section*.3}{\376\377\000I\000n\000t\000r\000o\000d\000u\000c\000t\000i\000o\000n}{section*.2}% 3
\BOOKMARK [1][-]{section*.4}{\376\377\000T\000h\000e\000\040\000T\000i\000m\000e\000-\000R\000e\000v\000e\000r\000s\000a\000l\000\040\000H\000e\000u\000r\000i\000s\000t\000i\000c}{section*.2}% 4
\BOOKMARK [1][-]{section*.5}{\376\377\000T\000h\000e\000\040\000N\000o\000-\000A\000r\000b\000i\000t\000r\000a\000g\000e\000\040\000F\000o\000u\000n\000d\000a\000t\000i\000o\000n}{section*.2}% 5
\BOOKMARK [2][-]{section*.6}{\376\377\000A\000d\000m\000i\000s\000s\000i\000b\000i\000l\000i\000t\000y\000\040\000a\000n\000d\000\040\000A\000r\000b\000i\000t\000r\000a\000g\000e}{section*.5}% 6
\BOOKMARK [2][-]{section*.7}{\376\377\000T\000h\000e\000\040\000M\000a\000r\000t\000i\000n\000g\000a\000l\000e\000\040\000C\000o\000n\000s\000t\000r\000a\000i\000n\000t}{section*.5}% 7
\BOOKMARK [1][-]{section*.8}{\376\377\000T\000h\000e\000\040\000M\000a\000x\000w\000e\000l\000l\000'\000s\000\040\000D\000e\000m\000o\000n\000\040\000A\000n\000a\000l\000o\000g\000y\000:\000\040\000H\000o\000n\000e\000s\000t\000\040\000B\000o\000u\000n\000d\000a\000r\000i\000e\000s}{section*.2}% 8
\BOOKMARK [2][-]{section*.9}{\376\377\000F\000o\000r\000m\000a\000l\000\040\000A\000n\000a\000l\000o\000g\000y\000,\000\040\000N\000o\000t\000\040\000E\000q\000u\000i\000v\000a\000l\000e\000n\000c\000e}{section*.8}% 9
\BOOKMARK [2][-]{section*.10}{\376\377\000W\000h\000a\000t\000\040\000t\000h\000e\000\040\000A\000n\000a\000l\000o\000g\000y\000\040\000D\000o\000e\000s\000\040\000N\000o\000t\000\040\000E\000s\000t\000a\000b\000l\000i\000s\000h}{section*.8}% 10
\BOOKMARK [1][-]{section*.11}{\376\377\000T\000h\000e\000\040\000C\000o\000m\000b\000i\000n\000a\000t\000o\000r\000i\000a\000l\000\040\000P\000e\000r\000s\000p\000e\000c\000t\000i\000v\000e\000\040\000\050\000N\000F\000L\000\051}{section*.2}% 11
\BOOKMARK [1][-]{section*.12}{\376\377\000T\000h\000e\000\040\000C\000o\000m\000p\000u\000t\000a\000t\000i\000o\000n\000a\000l\000\040\000P\000e\000r\000s\000p\000e\000c\000t\000i\000v\000e\000\040\000\050\000A\000d\000v\000e\000r\000s\000a\000r\000i\000a\000l\000\040\000D\000i\000a\000g\000o\000n\000a\000l\000i\000z\000a\000t\000i\000o\000n\000\051}{section*.2}% 12
\BOOKMARK [1][-]{section*.13}{\376\377\000A\000n\000a\000l\000o\000g\000y\000\040\000t\000o\000\040\000S\000o\000c\000i\000a\000l\000\040\000C\000h\000o\000i\000c\000e\000:\000\040\000A\000r\000r\000o\000w\000'\000s\000\040\000I\000m\000p\000o\000s\000s\000i\000b\000i\000l\000i\000t\000y\000\040\000T\000h\000e\000o\000r\000e\000m\000\040\000a\000n\000d\000\040\000F\000i\000x\000e\000d\000\040\000P\000o\000i\000n\000t\000s}{section*.2}% 13
\BOOKMARK [1][-]{section*.14}{\376\377\000C\000a\000s\000e\000\040\000S\000t\000u\000d\000y\000:\000\040\000T\000h\000e\000\040\000W\000h\000e\000e\000l\000\040\000O\000p\000t\000i\000o\000n\000s\000\040\000S\000t\000r\000a\000t\000e\000g\000y}{section*.2}% 14
\BOOKMARK [2][-]{section*.15}{\376\377\000F\000a\000i\000l\000u\000r\000e\000\040\000I\000:\000\040\000C\000a\000t\000a\000s\000t\000r\000o\000p\000h\000i\000c\000\040\000D\000r\000o\000p\000\040\000\050\000T\000i\000m\000e\000\040\000A\000s\000y\000m\000m\000e\000t\000r\000y\000\051}{section*.14}% 15
\BOOKMARK [2][-]{section*.16}{\376\377\000F\000a\000i\000l\000u\000r\000e\000\040\000I\000I\000:\000\040\000S\000l\000o\000w\000\040\000B\000l\000e\000e\000d\000\040\000\050\000C\000o\000m\000b\000i\000n\000a\000t\000o\000r\000i\000a\000l\000\040\000C\000o\000s\000t\000\051}{section*.14}% 16
\BOOKMARK [2][-]{section*.17}{\376\377\000F\000a\000i\000l\000u\000r\000e\000\040\000I\000I\000I\000:\000\040\000V\000i\000o\000l\000e\000n\000t\000\040\000B\000r\000e\000a\000k\000o\000u\000t\000\040\000\050\000C\000a\000p\000p\000e\000d\000\040\000U\000p\000s\000i\000d\000e\000\051}{section*.14}% 17
\BOOKMARK [1][-]{section*.18}{\376\377\000F\000A\000P\000P\000\040\000S\000t\000r\000a\000t\000e\000g\000i\000e\000s\000\040\000a\000n\000d\000\040\000T\000h\000e\000i\000r\000\040\000H\000o\000n\000e\000s\000t\000\040\000S\000c\000o\000p\000e}{section*.2}% 18
\BOOKMARK [1][-]{section*.19}{\376\377\000C\000o\000n\000c\000l\000u\000s\000i\000o\000n}{section*.2}% 19
\BOOKMARK [1][-]{section*.20}{\376\377\000A\000c\000k\000n\000o\000w\000l\000e\000d\000g\000m\000e\000n\000t\000s}{section*.2}% 20
\BOOKMARK [1][-]{section*.21}{\376\377\000R\000e\000f\000e\000r\000e\000n\000c\000e\000s}{section*.2}% 21
